    Checking serde_core v1.0.229
   Compiling unicode-ident v1.0.26
    Checking cfg-if v1.0.5
    Checking itoa v1.0.18
    Checking memchr v2.8.3
    Checking libc v0.2.189
    Checking zmij v1.0.23
    Checking arrayvec v0.7.8
    Checking constant_time_eq v0.4.2
    Checking winnow v1.0.4
   Compiling proc-macro2 v1.0.107
    Checking typenum v1.20.1
    Checking equivalent v1.0.2
    Checking hashbrown v0.17.1
    Checking blake3 v1.8.7
    Checking ryu v1.0.23
    Checking fnv v1.0.7
    Checking pratt v0.4.0
    Checking const-oid v0.10.2
    Checking bitflags v2.13.2
    Checking simd-adler32 v0.3.10
    Checking adler2 v2.0.1
    Checking crc32fast v1.5.2
    Checking toml_writer v1.1.2+spec-1.1.0
    Checking winnow v0.7.15
    Checking miniz_oxide v0.9.1
   Compiling quote v1.0.47
   Compiling velnor-actions-tofu v0.1.1 (/private/tmp/velnor-orchestrator-phase-timing/crates/velnor-actions-tofu)
   Compiling syn v3.0.6
    Checking errno v0.3.14
    Checking cpufeatures v0.3.1
    Checking rustix v1.1.5
    Checking getrandom v0.4.3
    Checking filetime v0.2.29
    Checking fastrand v2.5.0
    Checking typed-path v0.12.3
    Checking flate2 v1.1.10
    Checking once_cell v1.21.4
    Checking tar v0.4.46
    Checking hybrid-array v0.4.15
    Checking toml_parser v1.1.3+spec-1.1.0
    Checking crypto-common v0.2.2
    Checking block-buffer v0.12.1
    Checking tempfile v3.27.0
   Compiling serde_derive v1.0.229
   Compiling thiserror-impl v2.0.21
    Checking digest v0.11.3
    Checking sha2 v0.11.0
    Checking serde_json v1.0.151
    Checking indexmap v2.14.2
    Checking serde_spanned v1.1.1
    Checking toml_datetime v0.7.5+spec-1.1.0
    Checking toml v0.9.12+spec-1.1.0
    Checking lzma-rust2 v0.21.0
    Checking thiserror v2.0.21
    Checking zip v8.6.0
    Checking serde v1.0.229
    Checking velnor-actions-contract v0.1.1 (/private/tmp/velnor-orchestrator-phase-timing/crates/velnor-actions-contract)
    Checking hcl-primitives v0.1.12
    Checking vecmap-rs v0.2.5
    Checking hcl-edit v0.9.7
    Checking hcl-rs v0.19.8
    Checking velnor-actions-actionlint v0.1.1 (/private/tmp/velnor-orchestrator-phase-timing/crates/velnor-actions-actionlint)
    Checking velnor-actions-mise v0.1.1 (/private/tmp/velnor-orchestrator-phase-timing/crates/velnor-actions-mise)
    Checking velnor-actions-workflow-renderer v0.1.1 (/private/tmp/velnor-orchestrator-phase-timing/crates/velnor-actions-workflow-renderer)
    Checking velnor-actions-rust v0.1.1 (/private/tmp/velnor-orchestrator-phase-timing/crates/velnor-actions-rust)
    Checking velnor-actions-orchestrator v0.1.1 (/private/tmp/velnor-orchestrator-phase-timing/crates/velnor-actions-orchestrator)
error: derefed type is same as origin
  --> crates/velnor-actions-orchestrator/src/generator.rs:48:45
   |
48 |     if let (Some(phases), Some(started)) = (phases.as_deref_mut(), started) {
   |                                             ^^^^^^^^^^^^^^^^^^^^^ help: try: `phases`
   |
   = help: for further information visit https://rust-lang.github.io/rust-clippy/rust-1.98.0/index.html#needless_option_as_deref
   = note: `-D clippy::needless-option-as-deref` implied by `-D warnings`
   = help: to override `-D warnings` add `#[allow(clippy::needless_option_as_deref)]`

error: derefed type is same as origin
   --> crates/velnor-actions-orchestrator/src/discover.rs:121:34
    |
121 |     let inventory_result = match phases.as_deref_mut() {
    |                                  ^^^^^^^^^^^^^^^^^^^^^ help: try: `phases`
    |
    = help: for further information visit https://rust-lang.github.io/rust-clippy/rust-1.98.0/index.html#needless_option_as_deref

error: derefed type is same as origin
   --> crates/velnor-actions-orchestrator/src/internal.rs:120:9
    |
120 |         timings.as_deref_mut(),
    |         ^^^^^^^^^^^^^^^^^^^^^^ help: try: `timings`
    |
    = help: for further information visit https://rust-lang.github.io/rust-clippy/rust-1.98.0/index.html#needless_option_as_deref

error: derefed type is same as origin
   --> crates/velnor-actions-orchestrator/src/internal.rs:262:58
    |
262 |     let generator = default_generator_with_phase_timings(timings.as_deref_mut());
    |                                                          ^^^^^^^^^^^^^^^^^^^^^^ help: try: `timings`
    |
    = help: for further information visit https://rust-lang.github.io/rust-clippy/rust-1.98.0/index.html#needless_option_as_deref

error: item in documentation is missing backticks
 --> crates/velnor-actions-orchestrator/src/inventory_tofu.rs:1:16
  |
1 | //! Structural ToFu inventory analysis extracted from Cargo inventory flow.
  |                ^^^^
  |
  = help: for further information visit https://rust-lang.github.io/rust-clippy/rust-1.98.0/index.html#doc_markdown
  = note: `-D clippy::doc-markdown` implied by `-D warnings`
  = help: to override `-D warnings` add `#[allow(clippy::doc_markdown)]`
help: try
  |
1 - //! Structural ToFu inventory analysis extracted from Cargo inventory flow.
1 + //! Structural `ToFu` inventory analysis extracted from Cargo inventory flow.
  |

error: derefed type is same as origin
   --> crates/velnor-actions-orchestrator/src/inventory.rs:269:45
    |
269 |     if let (Some(phases), Some(started)) = (phases.as_deref_mut(), started) {
    |                                             ^^^^^^^^^^^^^^^^^^^^^ help: try: `phases`
    |
    = help: for further information visit https://rust-lang.github.io/rust-clippy/rust-1.98.0/index.html#needless_option_as_deref

error: could not compile `velnor-actions-orchestrator` (lib) due to 6 previous errors
warning: build failed, waiting for other jobs to finish...
